// Jest Snapshot v1, https://goo.gl/fbAQLP

exports[`renders correctly 1`] = `
<span
  className="file"
>
  <Link
    onClick={[Function]}
    to="http://test"
  >
    test
  </Link>
</span>
`;
