// Jest Snapshot v1, https://goo.gl/fbAQLP

exports[`renders correctly 1`] = `
<header>
  <h1>
    <Link
      to="/"
    >
      Musik
    </Link>
  </h1>
  <Link
    className="button header-button home-button"
    to="/"
  >
    <Icon
      id="chevron-circle-left"
    />
  </Link>
  <Link
    className="button header-button info-button"
    onClick={[Function]}
  >
    <Icon
      id="info-circle"
    />
  </Link>
</header>
`;
